
> worker@0.1.0 build C:\dev\stocks\apps\worker
> nest build

node.exe : [96msrc/analysis/analysis.service.ts[0m:[93m341[0m:[93m58[0m - [91merror[0m[90m TS2551: 
[0mProperty 'symbol' does not exist on type '{ id: string; market: Market; date: Date; createdAt: Date; portfolioId: 
string; symbolId: string; buyPrice: Decimal; confidence: Decimal; reasons: JsonValue; currentPrice: Decimal; signal: 
string; suggestedStop: Decimal; }'. Did you mean 'symbolId'?
At C:\Program Files\nodejs\pnpm.ps1:16 char:5
+     & "$basedir/node$exe"  "$basedir/node_modules/pnpm/bin/pnpm.cjs"  ...
+     ~~~~~~~~~~~~~~~~~~~~~~~~~~~~~~~~~~~~~~~~~~~~~~~~~~~~~~~~~~~~~~~~~
    + CategoryInfo          : NotSpecified: ([96msrc/analys...ean 'symbolId'?:String) [], RemoteException
    + FullyQualifiedErrorId : NativeCommandError
 

[7m341[0m             `[DEEP_DIVE] Generated report for ${decision.symbol.symbol}: ${decision.signal} 
(${decision.confidence}%)`
[7m   [0m [91m                                                         ~~~~~~[0m
[96msrc/analysis/analysis.service.ts[0m:[93m345[0m:[93m67[0m - [91merror[0m[90m TS2551: [0mProperty 'symbol' 
does not exist on type '{ id: string; market: Market; date: Date; createdAt: Date; portfolioId: string; symbolId: 
string; buyPrice: Decimal; confidence: Decimal; reasons: JsonValue; currentPrice: Decimal; signal: string; 
suggestedStop: Decimal; }'. Did you mean 'symbolId'?

[7m345[0m             `[DEEP_DIVE] Failed to generate report for ${decision.symbol.symbol}: ${error.message}`
[7m   [0m [91m                                                                  ~~~~~~[0m
[96msrc/analysis/change-detector.service.ts[0m:[93m274[0m:[93m9[0m - [91merror[0m[90m TS2353: [0mObject 
literal may only specify known properties, and 'isActive' does not exist in type 'PortfolioPositionWhereInput'.

[7m274[0m         isActive: true,
[7m   [0m [91m        ~~~~~~~~[0m

  [96m../../node_modules/.pnpm/@prisma+client@5.22.0_prisma@5.22.0/node_modules/.prisma/client/index.d.ts[0m:[93m393
0[0m:[93m5[0m
    [7m3930[0m     where?: PortfolioPositionWhereInput
    [7m    [0m [96m    ~~~~~[0m
    The expected type comes from property 'where' which is declared here on type '{ select?: 
PortfolioPositionSelect<DefaultArgs>; include?: PortfolioPositionInclude<DefaultArgs>; ... 5 more ...; distinct?: 
PortfolioPositionScalarFieldEnum | PortfolioPositionScalarFieldEnum[]; }'
[96msrc/analysis/change-detector.service.ts[0m:[93m292[0m:[93m18[0m - [91merror[0m[90m TS2551: [0mProperty 
'symbol' does not exist on type '{ id: string; createdAt: Date; updatedAt: Date; portfolioId: string; symbolId: 
string; buyPrice: Decimal; quantity: Decimal; notes: string; }'. Did you mean 'symbolId'?

[7m292[0m         position.symbol.symbol,
[7m   [0m [91m                 ~~~~~~[0m
[96msrc/analysis/change-detector.service.ts[0m:[93m293[0m:[93m18[0m - [91merror[0m[90m TS2551: [0mProperty 
'symbol' does not exist on type '{ id: string; createdAt: Date; updatedAt: Date; portfolioId: string; symbolId: 
string; buyPrice: Decimal; quantity: Decimal; notes: string; }'. Did you mean 'symbolId'?

[7m293[0m         position.symbol.market as Market,
[7m   [0m [91m                 ~~~~~~[0m
[96msrc/analysis/change-detector.service.ts[0m:[93m332[0m:[93m11[0m - [91merror[0m[90m TS2353: [0mObject 
literal may only specify known properties, and 'isActive' does not exist in type 'PortfolioPositionWhereInput'.

[7m332[0m           isActive: true,
[7m   [0m [91m          ~~~~~~~~[0m

  [96m../../node_modules/.pnpm/@prisma+client@5.22.0_prisma@5.22.0/node_modules/.prisma/client/index.d.ts[0m:[93m383
4[0m:[93m5[0m
    [7m3834[0m     where?: PortfolioPositionWhereInput
    [7m    [0m [96m    ~~~~~[0m
    The expected type comes from property 'where' which is declared here on type '{ select?: 
PortfolioPositionSelect<DefaultArgs>; include?: PortfolioPositionInclude<DefaultArgs>; ... 5 more ...; distinct?: 
PortfolioPositionScalarFieldEnum | PortfolioPositionScalarFieldEnum[]; }'
[96msrc/analysis/change-detector.service.ts[0m:[93m342[0m:[93m24[0m - [91merror[0m[90m TS2362: [0mThe 
left-hand side of an arithmetic operation must be of type 'any', 'number', 'bigint' or an enum type.

[7m342[0m       const stopLoss = position.buyPrice * 0.90;
[7m   [0m [91m                       ~~~~~~~~~~~~~~~~~[0m
[96msrc/analysis/change-detector.service.ts[0m:[93m344[0m:[93m25[0m - [91merror[0m[90m TS2551: [0mProperty 
'portfolioDailyDecisions' does not exist on type 'PrismaService'. Did you mean 'portfolioDecision'?

[7m344[0m       await this.prisma.portfolioDailyDecisions.upsert({
[7m   [0m [91m                        ~~~~~~~~~~~~~~~~~~~~~~~[0m

  [96m../../node_modules/.pnpm/@prisma+client@5.22.0_prisma@5.22.0/node_modules/.prisma/client/index.d.ts[0m:[93m353
[0m:[93m7[0m
    [7m353[0m   get portfolioDecision(): Prisma.PortfolioDecisionDelegate<ExtArgs>;
    [7m   [0m [96m      ~~~~~~~~~~~~~~~~~[0m
    'portfolioDecision' is declared here.
[96msrc/analysis/change-detector.service.ts[0m:[93m383[0m:[93m24[0m - [91merror[0m[90m TS2551: [0mProperty 
'portfolioDailyDecisions' does not exist on type 'PrismaService'. Did you mean 'portfolioDecision'?

[7m383[0m     return this.prisma.portfolioDailyDecisions.findMany({
[7m   [0m [91m                       ~~~~~~~~~~~~~~~~~~~~~~~[0m

  [96m../../node_modules/.pnpm/@prisma+client@5.22.0_prisma@5.22.0/node_modules/.prisma/client/index.d.ts[0m:[93m353
[0m:[93m7[0m
    [7m353[0m   get portfolioDecision(): Prisma.PortfolioDecisionDelegate<ExtArgs>;
    [7m   [0m [96m      ~~~~~~~~~~~~~~~~~[0m
    'portfolioDecision' is declared here.
[96msrc/analysis/change-detector.service.ts[0m:[93m406[0m:[93m19[0m - [91merror[0m[90m TS2551: [0mProperty 
'portfolioDailyDecisions' does not exist on type 'PrismaService'. Did you mean 'portfolioDecision'?

[7m406[0m       this.prisma.portfolioDailyDecisions.count(),
[7m   [0m [91m                  ~~~~~~~~~~~~~~~~~~~~~~~[0m

  [96m../../node_modules/.pnpm/@prisma+client@5.22.0_prisma@5.22.0/node_modules/.prisma/client/index.d.ts[0m:[93m353
[0m:[93m7[0m
    [7m353[0m   get portfolioDecision(): Prisma.PortfolioDecisionDelegate<ExtArgs>;
    [7m   [0m [96m      ~~~~~~~~~~~~~~~~~[0m
    'portfolioDecision' is declared here.
[96msrc/analysis/change-detector.service.ts[0m:[93m407[0m:[93m19[0m - [91merror[0m[90m TS2551: [0mProperty 
'portfolioDailyDecisions' does not exist on type 'PrismaService'. Did you mean 'portfolioDecision'?

[7m407[0m       this.prisma.portfolioDailyDecisions.findFirst({
[7m   [0m [91m                  ~~~~~~~~~~~~~~~~~~~~~~~[0m

  [96m../../node_modules/.pnpm/@prisma+client@5.22.0_prisma@5.22.0/node_modules/.prisma/client/index.d.ts[0m:[93m353
[0m:[93m7[0m
    [7m353[0m   get portfolioDecision(): Prisma.PortfolioDecisionDelegate<ExtArgs>;
    [7m   [0m [96m      ~~~~~~~~~~~~~~~~~[0m
    'portfolioDecision' is declared here.
[96msrc/analysis/change-detector.service.ts[0m:[93m411[0m:[93m19[0m - [91merror[0m[90m TS2551: [0mProperty 
'portfolioDailyDecisions' does not exist on type 'PrismaService'. Did you mean 'portfolioDecision'?

[7m411[0m       this.prisma.portfolioDailyDecisions.findFirst({
[7m   [0m [91m                  ~~~~~~~~~~~~~~~~~~~~~~~[0m

  [96m../../node_modules/.pnpm/@prisma+client@5.22.0_prisma@5.22.0/node_modules/.prisma/client/index.d.ts[0m:[93m353
[0m:[93m7[0m
    [7m353[0m   get portfolioDecision(): Prisma.PortfolioDecisionDelegate<ExtArgs>;
    [7m   [0m [96m      ~~~~~~~~~~~~~~~~~[0m
    'portfolioDecision' is declared here.
[96msrc/analysis/change-detector.service.ts[0m:[93m415[0m:[93m19[0m - [91merror[0m[90m TS2551: [0mProperty 
'portfolioDailyDecisions' does not exist on type 'PrismaService'. Did you mean 'portfolioDecision'?

[7m415[0m       this.prisma.portfolioDailyDecisions.groupBy({
[7m   [0m [91m                  ~~~~~~~~~~~~~~~~~~~~~~~[0m

  [96m../../node_modules/.pnpm/@prisma+client@5.22.0_prisma@5.22.0/node_modules/.prisma/client/index.d.ts[0m:[93m353
[0m:[93m7[0m
    [7m353[0m   get portfolioDecision(): Prisma.PortfolioDecisionDelegate<ExtArgs>;
    [7m   [0m [96m      ~~~~~~~~~~~~~~~~~[0m
    'portfolioDecision' is declared here.
[96msrc/analysis/daily-delta.service.ts[0m:[93m154[0m:[93m48[0m - [91merror[0m[90m TS2551: [0mProperty 
'portfolioDailyDecisions' does not exist on type 'PrismaService'. Did you mean 'portfolioDecision'?

[7m154[0m     const currentDecisions = await this.prisma.portfolioDailyDecisions.findMany({
[7m   [0m [91m                                               ~~~~~~~~~~~~~~~~~~~~~~~[0m

  [96m../../node_modules/.pnpm/@prisma+client@5.22.0_prisma@5.22.0/node_modules/.prisma/client/index.d.ts[0m:[93m353
[0m:[93m7[0m
    [7m353[0m   get portfolioDecision(): Prisma.PortfolioDecisionDelegate<ExtArgs>;
    [7m   [0m [96m      ~~~~~~~~~~~~~~~~~[0m
    'portfolioDecision' is declared here.
[96msrc/analysis/daily-delta.service.ts[0m:[93m159[0m:[93m49[0m - [91merror[0m[90m TS2551: [0mProperty 
'portfolioDailyDecisions' does not exist on type 'PrismaService'. Did you mean 'portfolioDecision'?

[7m159[0m     const previousDecisions = await this.prisma.portfolioDailyDecisions.findMany({
[7m   [0m [91m                                                ~~~~~~~~~~~~~~~~~~~~~~~[0m

  [96m../../node_modules/.pnpm/@prisma+client@5.22.0_prisma@5.22.0/node_modules/.prisma/client/index.d.ts[0m:[93m353
[0m:[93m7[0m
    [7m353[0m   get portfolioDecision(): Prisma.PortfolioDecisionDelegate<ExtArgs>;
    [7m   [0m [96m      ~~~~~~~~~~~~~~~~~[0m
    'portfolioDecision' is declared here.
[96msrc/analysis/daily-delta.service.ts[0m:[93m232[0m:[93m34[0m - [91merror[0m[90m TS2345: [0mArgument of 
type 'Decimal' is not assignable to parameter of type 'number'.

[7m232[0m         previousStopMap.set(key, stop.currentStopLoss);
[7m   [0m [91m                                 ~~~~~~~~~~~~~~~~~~~~[0m
[96msrc/analysis/daily-delta.service.ts[0m:[93m245[0m:[93m13[0m - [91merror[0m[90m TS2365: [0mOperator '>' 
cannot be applied to types 'Decimal' and 'number'.

[7m245[0m         if (current.currentStopLoss > previousStop) {
[7m   [0m [91m            ~~~~~~~~~~~~~~~~~~~~~~~~~~~~~~~~~~~~~~[0m
[96msrc/analysis/daily-delta.service.ts[0m:[93m247[0m:[93m25[0m - [91merror[0m[90m TS2362: [0mThe left-hand 
side of an arithmetic operation must be of type 'any', 'number', 'bigint' or an enum type.

[7m247[0m           totalRaise += current.currentStopLoss - previousStop;
[7m   [0m [91m                        ~~~~~~~~~~~~~~~~~~~~~~~[0m
[96msrc/analysis/daily-delta.service.ts[0m:[93m267[0m:[93m11[0m - [91merror[0m[90m TS2353: [0mObject literal 
may only specify known properties, and 'createdAt' does not exist in type 'SymbolUniverseWhereInput'.

[7m267[0m           createdAt: {
[7m   [0m [91m          ~~~~~~~~~[0m

  [96m../../node_modules/.pnpm/@prisma+client@5.22.0_prisma@5.22.0/node_modules/.prisma/client/index.d.ts[0m:[93m488
2[0m:[93m5[0m
    [7m4882[0m     where?: SymbolUniverseWhereInput
    [7m    [0m [96m    ~~~~~[0m
    The expected type comes from property 'where' which is declared here on type 
'Subset<SymbolUniverseCountArgs<DefaultArgs>, SymbolUniverseCountArgs<DefaultArgs>>'
[96msrc/analysis/daily-delta.service.ts[0m:[93m282[0m:[93m11[0m - [91merror[0m[90m TS2353: [0mObject literal 
may only specify known properties, and 'createdAt' does not exist in type 'SymbolSectorMapWhereInput'.

[7m282[0m           createdAt: {
[7m   [0m [91m          ~~~~~~~~~[0m

  [96m../../node_modules/.pnpm/@prisma+client@5.22.0_prisma@5.22.0/node_modules/.prisma/client/index.d.ts[0m:[93m586
6[0m:[93m5[0m
    [7m5866[0m     where?: SymbolSectorMapWhereInput
    [7m    [0m [96m    ~~~~~[0m
    The expected type comes from property 'where' which is declared here on type 
'Subset<SymbolSectorMapCountArgs<DefaultArgs>, SymbolSectorMapCountArgs<DefaultArgs>>'
[96msrc/analysis/deep-dive.service.ts[0m:[93m400[0m:[93m17[0m - [91merror[0m[90m TS2353: [0mObject literal 
may only specify known properties, and 'summary' does not exist in type '(Without<DeepDiveReportCreateInput, 
DeepDiveReportUncheckedCreateInput> & DeepDiveReportUncheckedCreateInput) | (Without<...> & 
DeepDiveReportCreateInput)'.

[7m400[0m                 summary: report.summary,
[7m   [0m [91m                ~~~~~~~[0m

  [96m../../node_modules/.pnpm/@prisma+client@5.22.0_prisma@5.22.0/node_modules/.prisma/client/index.d.ts[0m:[93m142
26[0m:[93m5[0m
    [7m14226[0m     create: XOR<DeepDiveReportCreateInput, DeepDiveReportUncheckedCreateInput>
    [7m     [0m [96m    ~~~~~~[0m
    The expected type comes from property 'create' which is declared here on type '{ select?: 
DeepDiveReportSelect<DefaultArgs>; where: DeepDiveReportWhereUniqueInput; create: (Without<DeepDiveReportCreateInput, 
DeepDiveReportUncheckedCreateInput> & DeepDiveReportUncheckedCreateInput) | (Without<...> & 
DeepDiveReportCreateInput); update: (Without<...> & DeepDiveReportUncheckedUpdateInput) | (Witho...'
[96msrc/analysis/deep-dive.service.ts[0m:[93m409[0m:[93m17[0m - [91merror[0m[90m TS2353: [0mObject literal 
may only specify known properties, and 'summary' does not exist in type '(Without<DeepDiveReportUpdateInput, 
DeepDiveReportUncheckedUpdateInput> & DeepDiveReportUncheckedUpdateInput) | (Without<...> & 
DeepDiveReportUpdateInput)'.

[7m409[0m                 summary: report.summary,
Found 26 error(s).

[7m   [0m [91m                ~~~~~~~[0m

  [96m../../node_modules/.pnpm/@prisma+client@5.22.0_prisma@5.22.0/node_modules/.prisma/client/index.d.ts[0m:[93m142
30[0m:[93m5[0m
    [7m14230[0m     update: XOR<DeepDiveReportUpdateInput, DeepDiveReportUncheckedUpdateInput>
    [7m     [0m [96m    ~~~~~~[0m
    The expected type comes from property 'update' which is declared here on type '{ select?: 
DeepDiveReportSelect<DefaultArgs>; where: DeepDiveReportWhereUniqueInput; create: (Without<DeepDiveReportCreateInput, 
DeepDiveReportUncheckedCreateInput> & DeepDiveReportUncheckedCreateInput) | (Without<...> & 
DeepDiveReportCreateInput); update: (Without<...> & DeepDiveReportUncheckedUpdateInput) | (Witho...'
[96msrc/portfolio/portfolio.service.ts[0m:[93m168[0m:[93m9[0m - [91merror[0m[90m TS2559: [0mType 'string' 
has no properties in common with type 'SymbolUniverseCreateNestedOneWithoutPositionsInput'.

[7m168[0m         symbol: dto.symbol,
[7m   [0m [91m        ~~~~~~[0m

  [96m../../node_modules/.pnpm/@prisma+client@5.22.0_prisma@5.22.0/node_modules/.prisma/client/index.d.ts[0m:[93m168
57[0m:[93m5[0m
    [7m16857[0m     symbol: SymbolUniverseCreateNestedOneWithoutPositionsInput
    [7m     [0m [96m    ~~~~~~[0m
    The expected type comes from property 'symbol' which is declared here on type 
'(Without<PortfolioPositionCreateInput, PortfolioPositionUncheckedCreateInput> & 
PortfolioPositionUncheckedCreateInput) | (Without<...> & PortfolioPositionCreateInput)'
[96msrc/portfolio/portfolio.service.ts[0m:[93m281[0m:[93m7[0m - [91merror[0m[90m TS2615: [0mType of property 
'AND' circularly references itself in mapped type '{ [K in keyof { AND?: 
PortfolioPositionScalarWhereWithAggregatesInput | PortfolioPositionScalarWhereWithAggregatesInput[]; ... 9 more ...; 
updatedAt?: string | ... 1 more ... | DateTimeWithAggregatesFilter<...>; }]: Or<...> extends 1 ? { ...; }[K] extends 
infer TK ? GetHavingFields<...> : never : {} extends FieldPat...'.

[7m281[0m       this.prisma.portfolioPosition.groupBy({
[7m   [0m [91m      ~~~~~~~~~~~~~~~~~~~~~~~~~~~~~~~~~~~~~~~[0m
[7m282[0m         by: ['market'],
[7m   [0m [91m~~~~~~~~~~~~~~~~~~~~~~~[0m
[7m...[0m 
[7m284[0m         _count: true,
[7m   [0m [91m~~~~~~~~~~~~~~~~~~~~~[0m
[7m285[0m       }),
[7m   [0m [91m~~~~~~~~[0m
[96msrc/portfolio/portfolio.service.ts[0m:[93m281[0m:[93m7[0m - [91merror[0m[90m TS2615: [0mType of property 
'NOT' circularly references itself in mapped type '{ [K in keyof { AND?: 
PortfolioPositionScalarWhereWithAggregatesInput | PortfolioPositionScalarWhereWithAggregatesInput[]; ... 9 more ...; 
updatedAt?: string | ... 1 more ... | DateTimeWithAggregatesFilter<...>; }]: Or<...> extends 1 ? { ...; }[K] extends 
infer TK ? GetHavingFields<...> : never : {} extends FieldPat...'.

[7m281[0m       this.prisma.portfolioPosition.groupBy({
[7m   [0m [91m      ~~~~~~~~~~~~~~~~~~~~~~~~~~~~~~~~~~~~~~~[0m
[7m282[0m         by: ['market'],
[7m   [0m [91m~~~~~~~~~~~~~~~~~~~~~~~[0m
[7m...[0m 
[7m284[0m         _count: true,
[7m   [0m [91m~~~~~~~~~~~~~~~~~~~~~[0m
[7m285[0m       }),
[7m   [0m [91m~~~~~~~~[0m
[96msrc/portfolio/portfolio.service.ts[0m:[93m281[0m:[93m7[0m - [91merror[0m[90m TS2615: [0mType of property 
'OR' circularly references itself in mapped type '{ [K in keyof { AND?: 
PortfolioPositionScalarWhereWithAggregatesInput | PortfolioPositionScalarWhereWithAggregatesInput[]; ... 9 more ...; 
updatedAt?: string | ... 1 more ... | DateTimeWithAggregatesFilter<...>; }]: Or<...> extends 1 ? { ...; }[K] extends 
infer TK ? GetHavingFields<...> : never : {} extends FieldPat...'.

[7m281[0m       this.prisma.portfolioPosition.groupBy({
[7m   [0m [91m      ~~~~~~~~~~~~~~~~~~~~~~~~~~~~~~~~~~~~~~~[0m
[7m282[0m         by: ['market'],
[7m   [0m [91m~~~~~~~~~~~~~~~~~~~~~~~[0m
[7m...[0m 
[7m284[0m         _count: true,
[7m   [0m [91m~~~~~~~~~~~~~~~~~~~~~[0m
[7m285[0m       }),
[7m   [0m [91m~~~~~~~~[0m

ΓÇëELIFECYCLEΓÇë Command failed with exit code 1.
